15:51:02 **** Incremental Build of configuration Debug for project Project 3 - Removing Debouncing ****
make -j16 all 
arm-none-eabi-gcc "../Core/Src/main.c" -mcpu=cortex-m4 -std=gnu11 -g3 -DDEBUG -DUSE_HAL_DRIVER -DSTM32F401xC -c -I../Core/Inc -I../Drivers/STM32F4xx_HAL_Driver/Inc -I../Drivers/STM32F4xx_HAL_Driver/Inc/Legacy -I../Drivers/CMSIS/Device/ST/STM32F4xx/Include -I../Drivers/CMSIS/Include -O0 -ffunction-sections -fdata-sections -Wall -fstack-usage -MMD -MP -MF"Core/Src/main.d" -MT"Core/Src/main.o" --specs=nano.specs -mfpu=fpv4-sp-d16 -mfloat-abi=hard -mthumb -o "Core/Src/main.o"
arm-none-eabi-gcc -o "Project 3 - Removing Debouncing.elf" @"objects.list"   -mcpu=cortex-m4 -T"D:\EEE\Embedded Systems\STM32\Projects\Project 3 - Removing Debouncing\STM32F401CCUX_FLASH.ld" --specs=nosys.specs -Wl,-Map="Project 3 - Removing Debouncing.map" -Wl,--gc-sections -static --specs=nano.specs -mfpu=fpv4-sp-d16 -mfloat-abi=hard -mthumb -Wl,--start-group -lc -lm -Wl,--end-group
Finished building target: Project 3 - Removing Debouncing.elf
 
arm-none-eabi-size   Project\ 3\ -\ Removing\ Debouncing.elf 
arm-none-eabi-objdump -h -S  Project\ 3\ -\ Removing\ Debouncing.elf  > "Project 3 - Removing Debouncing.list"
   text	   data	    bss	    dec	    hex	filename
   1040	     12	   1572	   2624	    a40	Project 3 - Removing Debouncing.elf
Finished building: default.size.stdout
 
Finished building: Project 3 - Removing Debouncing.list
 
15:51:08 **** Incremental Build of configuration Debug for project Project 3 - Removing Debouncing ****
make -j16 all 
arm-none-eabi-size   Project\ 3\ -\ Removing\ Debouncing.elf 
   text	   data	    bss	    dec	    hex	filename
   1040	     12	   1572	   2624	    a40	Project 3 - Removing Debouncing.elf
Finished building: default.size.stdout
 
